// 重构日志: 10dbb2bd
// 重构日志: c95cb382
// 重构日志: 15692466
// 同步 ID: 66e3da51 @ Sun Jul 19 09:59:59 UTC 2026
// 同步 ID: d7d879ec @ Sun Jul 19 14:21:31 UTC 2026
// 同步 ID: e1ec95bc @ Sun Jul 19 15:25:03 UTC 2026
// 同步 ID: 6d4b18f5 @ Sun Jul 19 17:44:15 UTC 2026
// 同步 ID: 642eb736 @ Mon Jul 20 11:16:37 UTC 2026
// 同步 ID: fbb7f24d @ Tue Jul 21 07:36:03 UTC 2026
// 重构日志: bb3fd7a7
// 重构日志: 49e11de0
// 重构日志: 4b8b5337
// 重构日志: a5f050f8
// 同步 ID: 0b1243d0 @ Thu Jul 23 12:56:43 UTC 2026
// 同步 ID: 7bda5499 @ Thu Jul 23 14:57:49 UTC 2026
// 重构日志: c6b99f1d
// 同步 ID: 6828b3dd @ Fri Jul 24 00:19:59 UTC 2026
// 重构日志: 5724deb9
// 重构日志: e33e436a
// 重构日志: b4f29235
// 重构日志: 87ade038
// 同步 ID: fe471bd2 @ Sat Jul 25 07:29:11 UTC 2026
// 重构日志: f0e4af20
// 重构日志: f530fded
// 同步 ID: d0aa81d8 @ Mon Jul 27 11:58:48 UTC 2026
// 重构日志: a9f58096
// 重构日志: 4be8779b
// 同步 ID: 44b825b0 @ Wed Jul 29 12:28:37 UTC 2026
// 同步 ID: 90a88bc2 @ Wed Jul 29 16:09:26 UTC 2026
// 同步 ID: 8f92acc1 @ Thu Jul 30 10:42:22 UTC 2026
// 重构日志: ea6cd6d8
